{
    "xy_values": [
        {
            "x": 100,
            "y": -12.04
        },
        {
            "x": 112.04,
            "y": 0
        },
        {
            "x": 102.50,
            "y": -14
        },
        {
            "x": 116.5,
            "y": 0
        },
        {
            "x": 103,
            "y": 14
        },
        {
            "x": 89,
            "y": 0
        },
        {
            "x": 105,
            "y": -18
        },
        {
            "x": 87,
            "y": 0
        },
        {
            "x": 0,
            "y": -12.04
        },
        {
            "x": 210,
            "y": 97.96
        },
        {
            "x": 0,
            "y": -14
        },
        {
            "x": 210,
            "y": 93.50
        },
        {
            "x": 0,
            "y": -89
        },
        {
            "x": 210,
            "y": 14
        },
        {
            "x": 0,
            "y": 87
        },
        {
            "x": 210,
            "y": -18
        }
    ],
    "max_profit": 97.96,
    "max_loss": -89.0,
    "break_even_points": [
        112.04,
        116.5,
        89,
        87
    ]
}